[2026-09-23T16:06:44.008Z] approve_points: session=DUP1MH activityType=MULTIPLE_CHOICE socketId=4869456649 student=true validSt=true systemId=4869456649 ans=OPT1
[2026-09-23T16:06:44.012Z] approve_points: session=DUP1MH activityType=MULTIPLE_CHOICE socketId=4824891635 student=true validSt=true systemId=4824891635 ans=OPT2
[2026-09-23T16:06:46.813Z] approve_points: session=DUP1MH activityType=SHORT_ANSWER socketId=4869456649 student=true validSt=true systemId=4869456649 ans=Test 1
[2026-09-23T16:09:56.903Z] approve_points: session=DUP1MH activityType=MULTIPLE_CHOICE socketId=4869456649 student=true validSt=true systemId=4869456649 ans=OPT1
[2026-09-23T16:09:56.906Z] approve_points: session=DUP1MH activityType=MULTIPLE_CHOICE socketId=4824891635 student=true validSt=true systemId=4824891635 ans=OPT2
[2026-09-23T16:10:03.906Z] approve_points: session=DUP1MH activityType=SHORT_ANSWER socketId=4869456649 student=true validSt=true systemId=4869456649 ans=Test 2
[2026-09-23T16:10:43.393Z] approve_points: session=DUP1MH activityType=MULTIPLE_CHOICE socketId=4869456649 student=true validSt=true systemId=4869456649 ans=OPT1
[2026-09-23T16:10:43.396Z] approve_points: session=DUP1MH activityType=MULTIPLE_CHOICE socketId=4824891635 student=true validSt=true systemId=4824891635 ans=OPT2
[2026-09-23T16:10:50.159Z] approve_points: session=DUP1MH activityType=SHORT_ANSWER socketId=4869456649 student=true validSt=true systemId=4869456649 ans=Test 1
[2026-09-23T16:11:53.817Z] approve_points: session=DUP1MH activityType=SHORT_ANSWER socketId=4866077784 student=true validSt=true systemId=4866077784 ans=My Test Answer
[2026-09-23T16:12:01.062Z] approve_points: session=DUP1MH activityType=SHORT_ANSWER socketId=4866077784 student=true validSt=true systemId=4866077784 ans=My Test Answer
[2026-09-23T16:12:11.908Z] approve_points: session=DUP1MH activityType=SHORT_ANSWER socketId=4866077784 student=true validSt=true systemId=4866077784 ans=My Test Answer
[2026-09-23T16:12:19.856Z] approve_points: session=DUP1MH activityType=SHORT_ANSWER socketId=4866077784 student=true validSt=true systemId=4866077784 ans=My Test Answer
[2026-09-23T16:12:26.852Z] approve_points: session=DUP1MH activityType=SHORT_ANSWER socketId=4866077784 student=true validSt=true systemId=4866077784 ans=My Test Answer
[2026-09-23T16:14:59.390Z] approve_points: session=DUP1MH activityType=MULTIPLE_CHOICE socketId=4869456649 student=true validSt=true systemId=4869456649 ans=OPT1
[2026-09-23T16:14:59.393Z] approve_points: session=DUP1MH activityType=MULTIPLE_CHOICE socketId=4824891635 student=true validSt=true systemId=4824891635 ans=OPT2
[2026-09-23T16:15:04.142Z] approve_points: session=DUP1MH activityType=SHORT_ANSWER socketId=4869456649 student=true validSt=true systemId=4869456649 ans=Test 2
[2026-09-23T16:15:27.724Z] approve_points: session=DUP1MH activityType=MULTIPLE_CHOICE socketId=4869456649 student=true validSt=true systemId=4869456649 ans=OPT1
[2026-09-23T16:15:27.726Z] approve_points: session=DUP1MH activityType=MULTIPLE_CHOICE socketId=4824891635 student=true validSt=true systemId=4824891635 ans=OPT2
[2026-09-23T16:15:31.268Z] approve_points: session=DUP1MH activityType=SHORT_ANSWER socketId=4869456649 student=true validSt=true systemId=4869456649 ans=Test 1
[2026-09-23T16:16:31.626Z] approve_points: session=DUP1MH activityType=SHORT_ANSWER socketId=4866077784 student=true validSt=true systemId=4866077784 ans=My Test Answer
[2026-09-23T16:16:38.691Z] approve_points: session=DUP1MH activityType=SHORT_ANSWER socketId=4866077784 student=true validSt=true systemId=4866077784 ans=My Test Answer
[2026-09-23T16:16:46.754Z] approve_points: session=DUP1MH activityType=SHORT_ANSWER socketId=4866077784 student=true validSt=true systemId=4866077784 ans=My Test Answer
[2026-09-23T16:16:54.234Z] approve_points: session=DUP1MH activityType=SHORT_ANSWER socketId=4866077784 student=true validSt=true systemId=4866077784 ans=My Test Answer
[2026-09-23T16:17:00.984Z] approve_points: session=DUP1MH activityType=SHORT_ANSWER socketId=4866077784 student=true validSt=true systemId=4866077784 ans=My Test Answer
[2026-09-23T16:21:14.532Z] approve_points: session=DUP1MH activityType=MULTIPLE_CHOICE socketId=4869456649 student=true validSt=true systemId=4869456649 ans=OPT1
[2026-09-23T16:21:14.535Z] approve_points: session=DUP1MH activityType=MULTIPLE_CHOICE socketId=4824891635 student=true validSt=true systemId=4824891635 ans=OPT2
[2026-09-23T16:21:19.571Z] approve_points: session=DUP1MH activityType=SHORT_ANSWER socketId=4869456649 student=true validSt=true systemId=4869456649 ans=Test 2
[2026-09-23T16:21:43.306Z] approve_points: session=DUP1MH activityType=MULTIPLE_CHOICE socketId=4869456649 student=true validSt=true systemId=4869456649 ans=OPT1
[2026-09-23T16:21:43.308Z] approve_points: session=DUP1MH activityType=MULTIPLE_CHOICE socketId=4824891635 student=true validSt=true systemId=4824891635 ans=OPT2
[2026-09-23T16:21:47.270Z] approve_points: session=DUP1MH activityType=SHORT_ANSWER socketId=4869456649 student=true validSt=true systemId=4869456649 ans=Test 1
[2026-09-23T16:23:00.959Z] approve_points: session=DUP1MH activityType=SHORT_ANSWER socketId=4866077784 student=true validSt=true systemId=4866077784 ans=My Test Answer
[2026-09-23T16:23:07.520Z] approve_points: session=DUP1MH activityType=SHORT_ANSWER socketId=4866077784 student=true validSt=true systemId=4866077784 ans=My Test Answer
[2026-09-23T16:23:15.219Z] approve_points: session=DUP1MH activityType=SHORT_ANSWER socketId=4866077784 student=true validSt=true systemId=4866077784 ans=My Test Answer
[2026-09-23T16:23:21.780Z] approve_points: session=DUP1MH activityType=SHORT_ANSWER socketId=4866077784 student=true validSt=true systemId=4866077784 ans=My Test Answer
[2026-09-23T16:23:28.122Z] approve_points: session=DUP1MH activityType=SHORT_ANSWER socketId=4866077784 student=true validSt=true systemId=4866077784 ans=My Test Answer
[2026-09-24T04:52:36.089Z] approve_points: session=DUP1MH activityType=MULTIPLE_CHOICE socketId=4869456649 student=true validSt=true systemId=4869456649 ans=OPT1
[2026-09-24T04:52:36.092Z] approve_points: session=DUP1MH activityType=MULTIPLE_CHOICE socketId=4824891635 student=true validSt=true systemId=4824891635 ans=OPT2
[2026-09-24T04:52:44.377Z] approve_points: session=DUP1MH activityType=SHORT_ANSWER socketId=4869456649 student=true validSt=true systemId=4869456649 ans=Test 2
[2026-09-24T04:53:31.014Z] approve_points: session=DUP1MH activityType=MULTIPLE_CHOICE socketId=4869456649 student=true validSt=true systemId=4869456649 ans=OPT1
[2026-09-24T04:53:31.015Z] approve_points: session=DUP1MH activityType=MULTIPLE_CHOICE socketId=4824891635 student=true validSt=true systemId=4824891635 ans=OPT2
[2026-09-24T04:53:37.110Z] approve_points: session=DUP1MH activityType=SHORT_ANSWER socketId=4869456649 student=true validSt=true systemId=4869456649 ans=Test 1
[2026-09-24T04:55:02.467Z] approve_points: session=DUP1MH activityType=SHORT_ANSWER socketId=4866077784 student=true validSt=true systemId=4866077784 ans=My Test Answer
[2026-09-24T04:55:11.358Z] approve_points: session=DUP1MH activityType=SHORT_ANSWER socketId=4866077784 student=true validSt=true systemId=4866077784 ans=My Test Answer
[2026-09-24T04:55:22.758Z] approve_points: session=DUP1MH activityType=SHORT_ANSWER socketId=4866077784 student=true validSt=true systemId=4866077784 ans=My Test Answer
[2026-09-24T04:55:32.829Z] approve_points: session=DUP1MH activityType=SHORT_ANSWER socketId=4866077784 student=true validSt=true systemId=4866077784 ans=My Test Answer
[2026-09-24T04:55:42.777Z] approve_points: session=DUP1MH activityType=SHORT_ANSWER socketId=4866077784 student=true validSt=true systemId=4866077784 ans=My Test Answer
[2026-09-24T17:06:12.834Z] approve_points: session=TEST61 activityType=MULTIPLE_CHOICE socketId=4869456649 student=true validSt=true systemId=4869456649 ans=OPT1
[2026-09-24T17:06:12.836Z] approve_points: session=TEST61 activityType=MULTIPLE_CHOICE socketId=4824891635 student=true validSt=true systemId=4824891635 ans=OPT2
[2026-09-24T17:06:22.128Z] approve_points: session=TEST61 activityType=SHORT_ANSWER socketId=4869456649 student=true validSt=true systemId=4869456649 ans=Test 2
[2026-09-24T17:07:05.847Z] approve_points: session=TEST61 activityType=MULTIPLE_CHOICE socketId=4869456649 student=true validSt=true systemId=4869456649 ans=OPT1
[2026-09-24T17:07:05.848Z] approve_points: session=TEST61 activityType=MULTIPLE_CHOICE socketId=4824891635 student=true validSt=true systemId=4824891635 ans=OPT2
[2026-09-24T17:07:10.665Z] approve_points: session=TEST61 activityType=SHORT_ANSWER socketId=4869456649 student=true validSt=true systemId=4869456649 ans=Test 1
[2026-09-24T17:08:28.196Z] approve_points: session=TEST61 activityType=SHORT_ANSWER socketId=4866077784 student=true validSt=true systemId=4866077784 ans=My Test Answer
[2026-09-24T17:08:37.048Z] approve_points: session=TEST61 activityType=SHORT_ANSWER socketId=4866077784 student=true validSt=true systemId=4866077784 ans=My Test Answer
[2026-09-24T17:08:48.233Z] approve_points: session=TEST61 activityType=SHORT_ANSWER socketId=4866077784 student=true validSt=true systemId=4866077784 ans=My Test Answer
[2026-09-24T17:08:57.227Z] approve_points: session=TEST61 activityType=SHORT_ANSWER socketId=4866077784 student=true validSt=true systemId=4866077784 ans=My Test Answer
[2026-09-24T17:09:06.109Z] approve_points: session=TEST61 activityType=SHORT_ANSWER socketId=4866077784 student=true validSt=true systemId=4866077784 ans=My Test Answer
[2026-09-24T23:41:05.506Z] approve_points: session=TEST61 activityType=MULTIPLE_CHOICE socketId=4869456649 student=true validSt=true systemId=4869456649 ans=OPT1
[2026-09-24T23:41:05.508Z] approve_points: session=TEST61 activityType=MULTIPLE_CHOICE socketId=4824891635 student=true validSt=true systemId=4824891635 ans=OPT2
[2026-09-24T23:41:12.107Z] approve_points: session=TEST61 activityType=SHORT_ANSWER socketId=4869456649 student=true validSt=true systemId=4869456649 ans=Test 2
[2026-09-24T23:41:48.417Z] approve_points: session=TEST61 activityType=MULTIPLE_CHOICE socketId=4869456649 student=true validSt=true systemId=4869456649 ans=OPT1
[2026-09-24T23:41:48.419Z] approve_points: session=TEST61 activityType=MULTIPLE_CHOICE socketId=4824891635 student=true validSt=true systemId=4824891635 ans=OPT2
[2026-09-24T23:41:54.552Z] approve_points: session=TEST61 activityType=SHORT_ANSWER socketId=4869456649 student=true validSt=true systemId=4869456649 ans=Test 1
[2026-09-24T23:43:45.157Z] approve_points: session=TEST61 activityType=SHORT_ANSWER socketId=4866077784 student=true validSt=true systemId=4866077784 ans=My Test Answer
[2026-09-24T23:43:55.238Z] approve_points: session=TEST61 activityType=SHORT_ANSWER socketId=4866077784 student=true validSt=true systemId=4866077784 ans=My Test Answer
[2026-09-24T23:44:07.110Z] approve_points: session=TEST61 activityType=SHORT_ANSWER socketId=4866077784 student=true validSt=true systemId=4866077784 ans=My Test Answer
[2026-09-24T23:44:17.657Z] approve_points: session=TEST61 activityType=SHORT_ANSWER socketId=4866077784 student=true validSt=true systemId=4866077784 ans=My Test Answer
[2026-09-24T23:44:27.587Z] approve_points: session=TEST61 activityType=SHORT_ANSWER socketId=4866077784 student=true validSt=true systemId=4866077784 ans=My Test Answer
[2026-09-25T05:28:45.817Z] approve_points: session=TEST61 activityType=MULTIPLE_CHOICE socketId=4869456649 student=true validSt=true systemId=4869456649 ans=OPT1
[2026-09-25T05:28:45.820Z] approve_points: session=TEST61 activityType=MULTIPLE_CHOICE socketId=4824891635 student=true validSt=true systemId=4824891635 ans=OPT2
[2026-09-25T05:28:52.468Z] approve_points: session=TEST61 activityType=SHORT_ANSWER socketId=4869456649 student=true validSt=true systemId=4869456649 ans=Test 1
[2026-09-25T05:30:34.695Z] approve_points: session=TEST61 activityType=SHORT_ANSWER socketId=4866077784 student=true validSt=true systemId=4866077784 ans=My Test Answer
[2026-09-25T05:30:41.346Z] approve_points: session=TEST61 activityType=SHORT_ANSWER socketId=4866077784 student=true validSt=true systemId=4866077784 ans=My Test Answer
[2026-09-25T05:30:49.303Z] approve_points: session=TEST61 activityType=SHORT_ANSWER socketId=4866077784 student=true validSt=true systemId=4866077784 ans=My Test Answer
[2026-09-25T05:30:55.980Z] approve_points: session=TEST61 activityType=SHORT_ANSWER socketId=4866077784 student=true validSt=true systemId=4866077784 ans=My Test Answer
[2026-09-25T05:31:02.612Z] approve_points: session=TEST61 activityType=SHORT_ANSWER socketId=4866077784 student=true validSt=true systemId=4866077784 ans=My Test Answer
[2026-09-25T05:37:17.465Z] approve_points: session=TEST61 activityType=MULTIPLE_CHOICE socketId=4869456649 student=true validSt=true systemId=4869456649 ans=OPT1
[2026-09-25T05:37:17.467Z] approve_points: session=TEST61 activityType=MULTIPLE_CHOICE socketId=4824891635 student=true validSt=true systemId=4824891635 ans=OPT2
[2026-09-25T05:37:22.686Z] approve_points: session=TEST61 activityType=SHORT_ANSWER socketId=4869456649 student=true validSt=true systemId=4869456649 ans=Test 2
[2026-09-25T05:54:31.044Z] approve_points: session=TEST61 activityType=MULTIPLE_CHOICE socketId=4869456649 student=true validSt=true systemId=4869456649 ans=OPT1
[2026-09-25T05:54:31.045Z] approve_points: session=TEST61 activityType=MULTIPLE_CHOICE socketId=4824891635 student=true validSt=true systemId=4824891635 ans=OPT2
[2026-09-25T05:54:35.579Z] approve_points: session=TEST61 activityType=SHORT_ANSWER socketId=4869456649 student=true validSt=true systemId=4869456649 ans=Test 2
[2026-09-25T06:59:28.111Z] approve_points: session=TEST61 activityType=MULTIPLE_CHOICE socketId=4869456649 student=true validSt=true systemId=4869456649 ans=OPT1
[2026-09-25T06:59:28.112Z] approve_points: session=TEST61 activityType=MULTIPLE_CHOICE socketId=4824891635 student=true validSt=true systemId=4824891635 ans=OPT2
[2026-09-25T06:59:34.622Z] approve_points: session=TEST61 activityType=SHORT_ANSWER socketId=4869456649 student=true validSt=true systemId=4869456649 ans=Test 2
[2026-09-25T07:00:07.757Z] approve_points: session=TEST61 activityType=MULTIPLE_CHOICE socketId=4869456649 student=true validSt=true systemId=4869456649 ans=OPT1
[2026-09-25T07:00:07.758Z] approve_points: session=TEST61 activityType=MULTIPLE_CHOICE socketId=4824891635 student=true validSt=true systemId=4824891635 ans=OPT2
[2026-09-25T07:00:12.738Z] approve_points: session=TEST61 activityType=SHORT_ANSWER socketId=4869456649 student=true validSt=true systemId=4869456649 ans=Test 1
[2026-09-25T07:00:44.018Z] approve_points: session=TEST61 activityType=SHORT_ANSWER socketId=4866077784 student=true validSt=true systemId=4866077784 ans=My Test Answer
[2026-09-25T07:00:52.234Z] approve_points: session=TEST61 activityType=SHORT_ANSWER socketId=4866077784 student=true validSt=true systemId=4866077784 ans=My Test Answer
[2026-09-25T07:01:01.923Z] approve_points: session=TEST61 activityType=SHORT_ANSWER socketId=4866077784 student=true validSt=true systemId=4866077784 ans=My Test Answer
[2026-09-25T07:01:10.602Z] approve_points: session=TEST61 activityType=SHORT_ANSWER socketId=4866077784 student=true validSt=true systemId=4866077784 ans=My Test Answer
[2026-09-25T07:01:18.733Z] approve_points: session=TEST61 activityType=SHORT_ANSWER socketId=4866077784 student=true validSt=true systemId=4866077784 ans=My Test Answer
[2026-09-25T07:12:11.419Z] approve_points: session=TEST61 activityType=MULTIPLE_CHOICE socketId=4869456649 student=true validSt=true systemId=4869456649 ans=OPT1
[2026-09-25T07:12:11.421Z] approve_points: session=TEST61 activityType=MULTIPLE_CHOICE socketId=4824891635 student=true validSt=true systemId=4824891635 ans=OPT2
[2026-09-25T07:12:17.870Z] approve_points: session=TEST61 activityType=SHORT_ANSWER socketId=4869456649 student=true validSt=true systemId=4869456649 ans=Test 2
[2026-09-25T07:12:51.830Z] approve_points: session=TEST61 activityType=MULTIPLE_CHOICE socketId=4869456649 student=true validSt=true systemId=4869456649 ans=OPT1
[2026-09-25T07:12:51.831Z] approve_points: session=TEST61 activityType=MULTIPLE_CHOICE socketId=4824891635 student=true validSt=true systemId=4824891635 ans=OPT2
[2026-09-25T07:12:56.821Z] approve_points: session=TEST61 activityType=SHORT_ANSWER socketId=4869456649 student=true validSt=true systemId=4869456649 ans=Test 1
[2026-09-25T07:13:27.865Z] approve_points: session=TEST61 activityType=SHORT_ANSWER socketId=4866077784 student=true validSt=true systemId=4866077784 ans=My Test Answer
[2026-09-25T07:13:36.485Z] approve_points: session=TEST61 activityType=SHORT_ANSWER socketId=4866077784 student=true validSt=true systemId=4866077784 ans=My Test Answer
[2026-09-25T07:13:46.258Z] approve_points: session=TEST61 activityType=SHORT_ANSWER socketId=4866077784 student=true validSt=true systemId=4866077784 ans=My Test Answer
[2026-09-25T07:13:55.168Z] approve_points: session=TEST61 activityType=SHORT_ANSWER socketId=4866077784 student=true validSt=true systemId=4866077784 ans=My Test Answer
[2026-09-25T07:14:03.698Z] approve_points: session=TEST61 activityType=SHORT_ANSWER socketId=4866077784 student=true validSt=true systemId=4866077784 ans=My Test Answer
[2026-09-26T13:12:53.124Z] approve_points: session=TEST61 activityType=MULTIPLE_CHOICE socketId=4869456649 student=true validSt=true systemId=4869456649 ans=OPT1
[2026-09-26T13:12:53.126Z] approve_points: session=TEST61 activityType=MULTIPLE_CHOICE socketId=4824891635 student=true validSt=true systemId=4824891635 ans=OPT2
[2026-09-26T13:12:56.094Z] approve_points: session=TEST61 activityType=SHORT_ANSWER socketId=4869456649 student=true validSt=true systemId=4869456649 ans=Test 1
[2026-09-26T15:56:35.880Z] approve_points: session=TEST61 activityType=MULTIPLE_CHOICE socketId=4869456649 student=true validSt=true systemId=4869456649 ans=OPT1
[2026-09-26T15:56:35.883Z] approve_points: session=TEST61 activityType=MULTIPLE_CHOICE socketId=4824891635 student=true validSt=true systemId=4824891635 ans=OPT2
[2026-09-26T15:56:44.525Z] approve_points: session=TEST61 activityType=SHORT_ANSWER socketId=4869456649 student=true validSt=true systemId=4869456649 ans=Test 2
[2026-09-26T15:57:38.618Z] approve_points: session=TEST61 activityType=MULTIPLE_CHOICE socketId=4869456649 student=true validSt=true systemId=4869456649 ans=OPT1
[2026-09-26T15:57:38.619Z] approve_points: session=TEST61 activityType=MULTIPLE_CHOICE socketId=4824891635 student=true validSt=true systemId=4824891635 ans=OPT2
[2026-09-26T15:57:45.078Z] approve_points: session=TEST61 activityType=SHORT_ANSWER socketId=4869456649 student=true validSt=true systemId=4869456649 ans=Test 1
[2026-09-26T15:59:33.245Z] approve_points: session=TEST61 activityType=SHORT_ANSWER socketId=4866077784 student=true validSt=true systemId=4866077784 ans=My Test Answer
[2026-09-26T15:59:44.047Z] approve_points: session=TEST61 activityType=SHORT_ANSWER socketId=4866077784 student=true validSt=true systemId=4866077784 ans=My Test Answer
[2026-09-26T15:59:55.977Z] approve_points: session=TEST61 activityType=SHORT_ANSWER socketId=4866077784 student=true validSt=true systemId=4866077784 ans=My Test Answer
[2026-09-26T16:00:06.240Z] approve_points: session=TEST61 activityType=SHORT_ANSWER socketId=4866077784 student=true validSt=true systemId=4866077784 ans=My Test Answer
[2026-09-26T16:00:16.106Z] approve_points: session=TEST61 activityType=SHORT_ANSWER socketId=4866077784 student=true validSt=true systemId=4866077784 ans=My Test Answer
[2026-09-27T01:03:07.473Z] approve_points: session=TEST61 activityType=MULTIPLE_CHOICE socketId=4869456649 student=true validSt=true systemId=4869456649 ans=OPT1
[2026-09-27T01:03:07.476Z] approve_points: session=TEST61 activityType=MULTIPLE_CHOICE socketId=4824891635 student=true validSt=true systemId=4824891635 ans=OPT2
[2026-09-27T01:03:16.972Z] approve_points: session=TEST61 activityType=SHORT_ANSWER socketId=4869456649 student=true validSt=true systemId=4869456649 ans=Test 2
[2026-09-27T01:04:24.251Z] approve_points: session=TEST61 activityType=MULTIPLE_CHOICE socketId=4869456649 student=true validSt=true systemId=4869456649 ans=OPT1
[2026-09-27T01:04:24.252Z] approve_points: session=TEST61 activityType=MULTIPLE_CHOICE socketId=4824891635 student=true validSt=true systemId=4824891635 ans=OPT2
[2026-09-27T01:04:27.612Z] approve_points: session=TEST61 activityType=SHORT_ANSWER socketId=4869456649 student=true validSt=true systemId=4869456649 ans=Test 1
[2026-09-27T01:04:58.015Z] approve_points: session=TEST61 activityType=SHORT_ANSWER socketId=4866077784 student=true validSt=true systemId=4866077784 ans=My Test Answer
[2026-09-27T01:05:07.079Z] approve_points: session=TEST61 activityType=SHORT_ANSWER socketId=4866077784 student=true validSt=true systemId=4866077784 ans=My Test Answer
[2026-09-27T01:05:17.100Z] approve_points: session=TEST61 activityType=SHORT_ANSWER socketId=4866077784 student=true validSt=true systemId=4866077784 ans=My Test Answer
[2026-09-27T01:05:25.730Z] approve_points: session=TEST61 activityType=SHORT_ANSWER socketId=4866077784 student=true validSt=true systemId=4866077784 ans=My Test Answer
[2026-09-27T01:05:34.594Z] approve_points: session=TEST61 activityType=SHORT_ANSWER socketId=4866077784 student=true validSt=true systemId=4866077784 ans=My Test Answer
[2026-09-27T02:46:20.841Z] approve_points: session=TEST61 activityType=MULTIPLE_CHOICE socketId=4869456649 student=true validSt=true systemId=4869456649 ans=OPT1
[2026-09-27T02:46:20.842Z] approve_points: session=TEST61 activityType=MULTIPLE_CHOICE socketId=4824891635 student=true validSt=true systemId=4824891635 ans=OPT2
[2026-09-27T02:46:26.015Z] approve_points: session=TEST61 activityType=SHORT_ANSWER socketId=4869456649 student=true validSt=true systemId=4869456649 ans=Test 2
[2026-09-27T02:46:51.353Z] approve_points: session=TEST61 activityType=MULTIPLE_CHOICE socketId=4869456649 student=true validSt=true systemId=4869456649 ans=OPT1
[2026-09-27T02:46:51.354Z] approve_points: session=TEST61 activityType=MULTIPLE_CHOICE socketId=4824891635 student=true validSt=true systemId=4824891635 ans=OPT2
[2026-09-27T02:46:55.123Z] approve_points: session=TEST61 activityType=SHORT_ANSWER socketId=4869456649 student=true validSt=true systemId=4869456649 ans=Test 1
[2026-09-27T02:48:29.272Z] approve_points: session=TEST61 activityType=SHORT_ANSWER socketId=4866077784 student=true validSt=true systemId=4866077784 ans=My Test Answer
[2026-09-27T02:48:35.933Z] approve_points: session=TEST61 activityType=SHORT_ANSWER socketId=4866077784 student=true validSt=true systemId=4866077784 ans=My Test Answer
[2026-09-27T02:48:43.873Z] approve_points: session=TEST61 activityType=SHORT_ANSWER socketId=4866077784 student=true validSt=true systemId=4866077784 ans=My Test Answer
[2026-09-27T02:48:51.533Z] approve_points: session=TEST61 activityType=SHORT_ANSWER socketId=4866077784 student=true validSt=true systemId=4866077784 ans=My Test Answer
[2026-09-27T02:48:58.323Z] approve_points: session=TEST61 activityType=SHORT_ANSWER socketId=4866077784 student=true validSt=true systemId=4866077784 ans=My Test Answer
[2026-09-27T02:54:45.854Z] approve_points: session=TEST61 activityType=MULTIPLE_CHOICE socketId=4869456649 student=true validSt=true systemId=4869456649 ans=OPT1
[2026-09-27T02:54:45.855Z] approve_points: session=TEST61 activityType=MULTIPLE_CHOICE socketId=4824891635 student=true validSt=true systemId=4824891635 ans=OPT2
[2026-09-27T02:54:49.015Z] approve_points: session=TEST61 activityType=SHORT_ANSWER socketId=4869456649 student=true validSt=true systemId=4869456649 ans=Test 1
[2026-09-27T03:20:56.316Z] approve_points: session=TEST61 activityType=MULTIPLE_CHOICE socketId=4869456649 student=true validSt=true systemId=4869456649 ans=OPT1
[2026-09-27T03:20:56.317Z] approve_points: session=TEST61 activityType=MULTIPLE_CHOICE socketId=4824891635 student=true validSt=true systemId=4824891635 ans=OPT2
[2026-09-27T03:21:01.449Z] approve_points: session=TEST61 activityType=SHORT_ANSWER socketId=4869456649 student=true validSt=true systemId=4869456649 ans=Test 2
[2026-09-27T03:21:27.704Z] approve_points: session=TEST61 activityType=MULTIPLE_CHOICE socketId=4869456649 student=true validSt=true systemId=4869456649 ans=OPT1
[2026-09-27T03:21:27.705Z] approve_points: session=TEST61 activityType=MULTIPLE_CHOICE socketId=4824891635 student=true validSt=true systemId=4824891635 ans=OPT2
[2026-09-27T03:21:31.400Z] approve_points: session=TEST61 activityType=SHORT_ANSWER socketId=4869456649 student=true validSt=true systemId=4869456649 ans=Test 1
[2026-09-27T03:23:06.000Z] approve_points: session=TEST61 activityType=SHORT_ANSWER socketId=4866077784 student=true validSt=true systemId=4866077784 ans=My Test Answer
[2026-09-27T03:23:14.006Z] approve_points: session=TEST61 activityType=SHORT_ANSWER socketId=4866077784 student=true validSt=true systemId=4866077784 ans=My Test Answer
[2026-09-27T03:23:22.087Z] approve_points: session=TEST61 activityType=SHORT_ANSWER socketId=4866077784 student=true validSt=true systemId=4866077784 ans=My Test Answer
[2026-09-27T03:23:28.770Z] approve_points: session=TEST61 activityType=SHORT_ANSWER socketId=4866077784 student=true validSt=true systemId=4866077784 ans=My Test Answer
[2026-09-27T03:23:35.298Z] approve_points: session=TEST61 activityType=SHORT_ANSWER socketId=4866077784 student=true validSt=true systemId=4866077784 ans=My Test Answer
[2026-09-27T03:25:44.268Z] approve_points: session=TEST61 activityType=MULTIPLE_CHOICE socketId=4869456649 student=true validSt=true systemId=4869456649 ans=OPT1
[2026-09-27T03:25:44.269Z] approve_points: session=TEST61 activityType=MULTIPLE_CHOICE socketId=4824891635 student=true validSt=true systemId=4824891635 ans=OPT2
[2026-09-27T03:25:47.369Z] approve_points: session=TEST61 activityType=SHORT_ANSWER socketId=4869456649 student=true validSt=true systemId=4869456649 ans=Test 1
[2026-09-27T03:29:29.493Z] approve_points: session=TEST61 activityType=MULTIPLE_CHOICE socketId=4869456649 student=true validSt=true systemId=4869456649 ans=OPT1
[2026-09-27T03:29:29.494Z] approve_points: session=TEST61 activityType=MULTIPLE_CHOICE socketId=4824891635 student=true validSt=true systemId=4824891635 ans=OPT2
[2026-09-27T03:29:34.426Z] approve_points: session=TEST61 activityType=SHORT_ANSWER socketId=4869456649 student=true validSt=true systemId=4869456649 ans=Test 2
[2026-09-27T03:31:41.178Z] approve_points: session=TEST61 activityType=MULTIPLE_CHOICE socketId=4869456649 student=true validSt=true systemId=4869456649 ans=OPT1
[2026-09-27T03:31:41.179Z] approve_points: session=TEST61 activityType=MULTIPLE_CHOICE socketId=4824891635 student=true validSt=true systemId=4824891635 ans=OPT2
[2026-09-27T03:31:47.033Z] approve_points: session=TEST61 activityType=SHORT_ANSWER socketId=4869456649 student=true validSt=true systemId=4869456649 ans=Test 2
[2026-09-27T03:32:15.389Z] approve_points: session=TEST61 activityType=MULTIPLE_CHOICE socketId=4869456649 student=true validSt=true systemId=4869456649 ans=OPT1
[2026-09-27T03:32:15.390Z] approve_points: session=TEST61 activityType=MULTIPLE_CHOICE socketId=4824891635 student=true validSt=true systemId=4824891635 ans=OPT2
[2026-09-27T03:32:19.443Z] approve_points: session=TEST61 activityType=SHORT_ANSWER socketId=4869456649 student=true validSt=true systemId=4869456649 ans=Test 1
[2026-09-27T03:33:57.843Z] approve_points: session=TEST61 activityType=SHORT_ANSWER socketId=4866077784 student=true validSt=true systemId=4866077784 ans=My Test Answer
[2026-09-27T03:34:04.473Z] approve_points: session=TEST61 activityType=SHORT_ANSWER socketId=4866077784 student=true validSt=true systemId=4866077784 ans=My Test Answer
[2026-09-27T03:34:12.788Z] approve_points: session=TEST61 activityType=SHORT_ANSWER socketId=4866077784 student=true validSt=true systemId=4866077784 ans=My Test Answer
[2026-09-27T03:34:19.947Z] approve_points: session=TEST61 activityType=SHORT_ANSWER socketId=4866077784 student=true validSt=true systemId=4866077784 ans=My Test Answer
[2026-09-27T03:34:26.993Z] approve_points: session=TEST61 activityType=SHORT_ANSWER socketId=4866077784 student=true validSt=true systemId=4866077784 ans=My Test Answer
[2026-09-27T06:43:44.720Z] approve_points: session=TEST61 activityType=MULTIPLE_CHOICE socketId=4869456649 student=true validSt=true systemId=4869456649 ans=OPT1
[2026-09-27T06:43:44.723Z] approve_points: session=TEST61 activityType=MULTIPLE_CHOICE socketId=4824891635 student=true validSt=true systemId=4824891635 ans=OPT2
[2026-09-27T06:43:53.919Z] approve_points: session=TEST61 activityType=SHORT_ANSWER socketId=4869456649 student=true validSt=true systemId=4869456649 ans=Test 2
[2026-09-27T06:45:17.223Z] approve_points: session=TEST61 activityType=MULTIPLE_CHOICE socketId=4869456649 student=true validSt=true systemId=4869456649 ans=OPT1
[2026-09-27T06:45:17.225Z] approve_points: session=TEST61 activityType=MULTIPLE_CHOICE socketId=4824891635 student=true validSt=true systemId=4824891635 ans=OPT2
[2026-09-27T06:45:21.799Z] approve_points: session=TEST61 activityType=SHORT_ANSWER socketId=4869456649 student=true validSt=true systemId=4869456649 ans=Test 1
[2026-09-27T06:45:55.103Z] approve_points: session=TEST61 activityType=SHORT_ANSWER socketId=4866077784 student=true validSt=true systemId=4866077784 ans=My Test Answer
[2026-09-27T06:46:05.203Z] approve_points: session=TEST61 activityType=SHORT_ANSWER socketId=4866077784 student=true validSt=true systemId=4866077784 ans=My Test Answer
[2026-09-27T06:46:20.192Z] approve_points: session=TEST61 activityType=SHORT_ANSWER socketId=4866077784 student=true validSt=true systemId=4866077784 ans=My Test Answer
[2026-09-27T06:46:33.587Z] approve_points: session=TEST61 activityType=SHORT_ANSWER socketId=4866077784 student=true validSt=true systemId=4866077784 ans=My Test Answer
[2026-09-27T06:46:48.898Z] approve_points: session=TEST61 activityType=SHORT_ANSWER socketId=4866077784 student=true validSt=true systemId=4866077784 ans=My Test Answer
[2026-09-27T07:01:32.619Z] approve_points: session=TEST61 activityType=MULTIPLE_CHOICE socketId=4869456649 student=true validSt=true systemId=4869456649 ans=OPT1
[2026-09-27T07:01:32.621Z] approve_points: session=TEST61 activityType=MULTIPLE_CHOICE socketId=4824891635 student=true validSt=true systemId=4824891635 ans=OPT2
[2026-09-27T07:01:39.977Z] approve_points: session=TEST61 activityType=SHORT_ANSWER socketId=4869456649 student=true validSt=true systemId=4869456649 ans=Test 2
[2026-09-27T07:02:29.533Z] approve_points: session=TEST61 activityType=MULTIPLE_CHOICE socketId=4869456649 student=true validSt=true systemId=4869456649 ans=OPT1
[2026-09-27T07:02:29.534Z] approve_points: session=TEST61 activityType=MULTIPLE_CHOICE socketId=4824891635 student=true validSt=true systemId=4824891635 ans=OPT2
[2026-09-27T07:02:35.414Z] approve_points: session=TEST61 activityType=SHORT_ANSWER socketId=4869456649 student=true validSt=true systemId=4869456649 ans=Test 1
[2026-09-27T07:03:11.889Z] approve_points: session=TEST61 activityType=SHORT_ANSWER socketId=4866077784 student=true validSt=true systemId=4866077784 ans=My Test Answer
[2026-09-27T07:03:21.785Z] approve_points: session=TEST61 activityType=SHORT_ANSWER socketId=4866077784 student=true validSt=true systemId=4866077784 ans=My Test Answer
[2026-09-27T07:03:33.377Z] approve_points: session=TEST61 activityType=SHORT_ANSWER socketId=4866077784 student=true validSt=true systemId=4866077784 ans=My Test Answer
[2026-09-27T07:03:43.496Z] approve_points: session=TEST61 activityType=SHORT_ANSWER socketId=4866077784 student=true validSt=true systemId=4866077784 ans=My Test Answer
[2026-09-27T07:03:52.877Z] approve_points: session=TEST61 activityType=SHORT_ANSWER socketId=4866077784 student=true validSt=true systemId=4866077784 ans=My Test Answer
[2026-09-27T09:07:58.593Z] approve_points: session=TEST61 activityType=MULTIPLE_CHOICE socketId=4869456649 student=true validSt=true systemId=4869456649 ans=OPT1
[2026-09-27T09:07:58.595Z] approve_points: session=TEST61 activityType=MULTIPLE_CHOICE socketId=4824891635 student=true validSt=true systemId=4824891635 ans=OPT2
[2026-09-27T09:08:03.559Z] approve_points: session=TEST61 activityType=SHORT_ANSWER socketId=4869456649 student=true validSt=true systemId=4869456649 ans=Test 2
[2026-09-27T09:08:47.688Z] approve_points: session=TEST61 activityType=MULTIPLE_CHOICE socketId=4869456649 student=true validSt=true systemId=4869456649 ans=OPT1
[2026-09-27T09:08:47.689Z] approve_points: session=TEST61 activityType=MULTIPLE_CHOICE socketId=4824891635 student=true validSt=true systemId=4824891635 ans=OPT2
[2026-09-27T09:08:50.845Z] approve_points: session=TEST61 activityType=SHORT_ANSWER socketId=4869456649 student=true validSt=true systemId=4869456649 ans=Test 1
[2026-09-27T09:09:20.546Z] approve_points: session=TEST61 activityType=SHORT_ANSWER socketId=4866077784 student=true validSt=true systemId=4866077784 ans=My Test Answer
[2026-09-27T09:09:27.998Z] approve_points: session=TEST61 activityType=SHORT_ANSWER socketId=4866077784 student=true validSt=true systemId=4866077784 ans=My Test Answer
[2026-09-27T09:09:36.671Z] approve_points: session=TEST61 activityType=SHORT_ANSWER socketId=4866077784 student=true validSt=true systemId=4866077784 ans=My Test Answer
[2026-09-27T09:09:44.658Z] approve_points: session=TEST61 activityType=SHORT_ANSWER socketId=4866077784 student=true validSt=true systemId=4866077784 ans=My Test Answer
[2026-09-27T09:09:51.336Z] approve_points: session=TEST61 activityType=SHORT_ANSWER socketId=4866077784 student=true validSt=true systemId=4866077784 ans=My Test Answer
